[2026-05-07 16:58:38] [INFO] 添加图书成功：测试图书 (ISBN: 978-7-111-99999-9)
[2026-05-07 16:58:38] [INFO] 注册成功：test_borrow (user)
[2026-05-07 16:58:38] [INFO] 登录成功：test_borrow
[2026-05-07 16:58:38] [INFO] 借阅成功：用户 3 借阅图书 101 (测试图书)
[2026-05-07 17:04:47] [INFO] 登录成功：user1
[2026-05-07 17:05:22] [INFO] 借阅成功：用户 2 借阅图书 68 (数据库运维实战)
[2026-05-07 17:06:08] [INFO] 归还成功：借阅记录 8 已归还 (数据库运维实战)
[2026-05-07 17:06:36] [INFO] 登录成功：admin
[2026-05-07 17:07:41] [INFO] 借阅成功：用户 1 借阅图书 99 (时间)
[2026-05-07 17:08:09] [INFO] 归还成功：借阅记录 9 已归还 (时间)
[2026-05-07 17:08:24] [INFO] 归还成功：借阅记录 5 已归还 (时间秘密)
[2026-05-07 17:08:30] [INFO] 归还成功：借阅记录 7 已归还 (测试图书)
[2026-05-07 17:09:15] [INFO] 登录成功：user1
[2026-05-07 17:12:59] [INFO] 登录成功：user1
[2026-05-07 17:13:18] [INFO] 借阅成功：用户 2 借阅图书 34 (NoSQL数据库权威指南)
[2026-05-07 17:14:13] [INFO] 借阅成功：用户 2 借阅图书 29 (人工智能一种现代方法)
[2026-05-07 17:14:28] [INFO] 登录成功：admin
[2026-05-07 17:14:40] [INFO] 借阅成功：用户 1 借阅图书 5 (Java编程思想)
[2026-05-07 17:15:16] [INFO] 登录成功：user1
[2026-05-07 17:22:52] [INFO] 登录成功：user1
[2026-05-07 17:23:05] [INFO] 借阅成功：用户 2 借阅图书 4 (深入理解计算机系统)
[2026-05-07 17:24:07] [INFO] 归还成功：借阅记录 13 已归还 (深入理解计算机系统)
[2026-05-07 17:24:12] [INFO] 归还成功：借阅记录 11 已归还 (人工智能一种现代方法)
[2026-05-07 17:25:06] [INFO] 登录成功：admin
[2026-05-07 17:25:25] [INFO] 归还成功：借阅记录 10 已归还 (NoSQL数据库权威指南)
[2026-05-07 17:25:37] [INFO] 登录成功：user1
[2026-05-07 17:25:55] [INFO] 登录成功：user1
[2026-05-07 17:26:13] [INFO] 登录成功：admin
[2026-05-07 17:26:28] [INFO] 归还成功：借阅记录 12 已归还 (Java编程思想)
[2026-05-07 17:33:02] [INFO] 登录成功：user1
[2026-05-07 17:33:18] [INFO] 密码修改成功：user1
[2026-05-07 17:33:26] [INFO] 登录成功：user1
[2026-05-07 17:42:48] [INFO] 登录成功：user1
[2026-05-07 17:43:18] [INFO] 登录成功：admin
[2026-05-07 17:46:17] [INFO] 登录成功：user1
[2026-05-07 17:46:45] [INFO] 登录成功：admin
[2026-05-07 17:50:54] [INFO] 登录成功：user1
[2026-05-07 17:51:32] [INFO] 登录成功：admin
[2026-05-07 19:05:52] [INFO] 登录成功：user1
[2026-05-07 19:06:06] [INFO] 借阅成功：用户 2 借阅图书 14 (Rust编程之道)
[2026-05-07 19:06:35] [INFO] 登录成功：admin
[2026-05-07 19:07:37] [INFO] 归还成功：借阅记录 14 已归还 (Rust编程之道)
[2026-05-07 19:07:52] [INFO] 登录成功：user1
[2026-05-07 19:27:00] [INFO] 登录成功：user1
[2026-05-07 19:27:27] [INFO] 借阅成功：用户 2 借阅图书 54 (性能测试指南)
[2026-05-07 20:04:57] [INFO] 登录成功：user1
[2026-05-07 20:05:30] [INFO] 登录成功：admin
[2026-05-07 20:05:43] [INFO] 借阅成功：用户 1 借阅图书 97 (软件架构设计实战)
[2026-05-14 16:16:21] [INFO] 登录成功：admin
[2026-05-14 16:21:43] [INFO] 登录成功：admin
[2026-05-14 16:23:13] [INFO] 添加图书成功：helloooooo (ISBN: 97871115512000)
[2026-05-14 16:24:17] [INFO] 添加图书成功：时间 (ISBN: 1111111111111)
[2026-05-14 16:24:45] [INFO] 删除图书成功：时间 (ID: 102)
[2026-05-14 16:26:09] [INFO] 借阅成功：用户 1 借阅图书 85 (大数据实战基于Hadoop)
[2026-05-14 16:26:19] [INFO] 归还成功：借阅记录 17 已归还 (大数据实战基于Hadoop)
[2026-05-14 16:27:10] [INFO] 注册成功：小敏 (user)
[2026-05-14 16:27:19] [INFO] 登录成功：小敏
[2026-05-14 16:27:33] [INFO] 借阅成功：用户 4 借阅图书 5 (Java编程思想)
[2026-05-14 16:28:02] [INFO] 登录成功：admin
[2026-05-14 16:28:15] [INFO] 归还成功：借阅记录 18 已归还 (Java编程思想)
[2026-05-14 16:28:32] [INFO] 登录成功：小敏
[2026-05-14 16:28:57] [INFO] 登录成功：admin
[2026-05-14 16:29:32] [INFO] 添加图书成功：小时候的你 (ISBN: 1111111111111111111111)
[2026-05-14 16:29:59] [INFO] 登录成功：user1
[2026-05-14 16:30:11] [INFO] 借阅成功：用户 2 借阅图书 102 (小时候的你)
[2026-05-14 16:30:33] [INFO] 登录成功：admin
[2026-05-14 16:30:49] [INFO] 删除图书成功：小时候的你 (ID: 102)
[2026-05-14 16:49:04] [INFO] 登录成功：admin
[2026-05-14 16:49:49] [INFO] 删除图书成功：软件架构设计实战 (ID: 97)
[2026-05-14 16:50:04] [INFO] 归还成功：借阅记录 16 已归还 ()
[2026-05-14 16:51:07] [INFO] 登录成功：admin
[2026-05-14 16:51:47] [INFO] 添加图书成功：wang (ISBN: 111111)
[2026-05-14 16:52:26] [INFO] 借阅成功：用户 1 借阅图书 102 (wang)
[2026-05-14 16:53:10] [INFO] 删除图书成功：wang (ID: 102)
[2026-05-14 16:53:26] [INFO] 归还成功：借阅记录 20 已归还 ()
[2026-05-14 16:53:35] [INFO] 归还成功：借阅记录 19 已归还 ()
[2026-05-14 16:53:42] [ERROR] 归还失败：借阅记录ID 16 状态不是借出
[2026-05-14 16:53:51] [INFO] 归还成功：借阅记录 15 已归还 (性能测试指南)
[2026-05-14 16:56:25] [INFO] 登录成功：admin
[2026-05-14 16:56:34] [INFO] 添加图书成功：1 (ISBN: 1)
[2026-05-14 16:57:42] [INFO] 借阅成功：用户 1 借阅图书 102 (1)
[2026-05-14 16:57:59] [INFO] 删除图书成功：1 (ID: 102)
[2026-05-14 17:05:35] [INFO] 登录成功：admin
[2026-05-14 17:05:51] [INFO] 添加图书成功：1 (ISBN: 1)
[2026-05-14 17:06:06] [ERROR] 借阅失败：用户 1 已借阅图书 102
[2026-05-14 17:06:23] [ERROR] 借阅失败：用户 1 已借阅图书 102
[2026-05-14 17:06:31] [INFO] 借阅成功：用户 1 借阅图书 100 (时间秘密)
[2026-05-14 17:06:41] [ERROR] 借阅失败：用户 1 已借阅图书 102
[2026-05-14 17:07:14] [INFO] 删除图书成功：1 (ID: 102)
[2026-05-14 17:07:29] [INFO] 归还成功：借阅记录 21 已归还 ()
[2026-05-14 17:07:36] [INFO] 归还成功：借阅记录 22 已归还 (时间秘密)
[2026-05-14 17:08:02] [INFO] 添加图书成功：xiaoshijia (ISBN: jkdkjdkj)
[2026-05-14 17:08:15] [INFO] 借阅成功：用户 1 借阅图书 102 (xiaoshijia)
[2026-05-14 17:08:31] [INFO] 删除图书成功：xiaoshijia (ID: 102)
[2026-05-14 17:08:50] [INFO] 归还成功：借阅记录 23 已归还 ()
[2026-05-14 17:09:44] [INFO] 登录成功：admin
[2026-05-14 17:09:55] [INFO] 添加图书成功：1 (ISBN: 1)
[2026-05-14 17:10:09] [INFO] 添加图书成功：dnidh (ISBN: qdqq2e2e)
[2026-05-14 17:10:25] [INFO] 借阅成功：用户 1 借阅图书 103 (dnidh)
[2026-05-14 17:10:41] [INFO] 删除图书成功：dnidh (ID: 103)
[2026-05-14 17:10:54] [INFO] 归还成功：借阅记录 24 已归还 ()
[2026-05-14 17:14:40] [INFO] 登录成功：admin
[2026-05-14 17:14:56] [INFO] 添加图书成功：feuifhsefu (ISBN: awdaiwodjaw)
[2026-05-14 17:15:10] [INFO] 借阅成功：用户 1 借阅图书 103 (feuifhsefu)
[2026-05-14 17:15:34] [INFO] 删除图书成功：feuifhsefu (ID: 103)
[2026-05-14 17:15:48] [INFO] 添加图书成功：uiwdhdhada (ISBN: 2uiu2ehwui)
[2026-05-14 17:16:10] [INFO] 归还成功：借阅记录 25 已归还 (uiwdhdhada)
[2026-05-14 17:16:33] [INFO] 借阅成功：用户 1 借阅图书 103 (uiwdhdhada)
[2026-05-14 17:16:43] [ERROR] 借阅失败：用户 1 已借阅图书 103
[2026-05-14 17:17:00] [INFO] 删除图书成功：uiwdhdhada (ID: 103)
[2026-05-14 17:17:12] [INFO] 归还成功：借阅记录 26 已归还 ()
[2026-05-14 17:29:24] [INFO] 登录成功：admin
[2026-05-14 17:29:36] [INFO] 借阅成功：用户 1 借阅图书 5 (Java编程思想)
[2026-05-14 17:34:43] [INFO] 登录成功：admin
[2026-05-14 17:34:58] [INFO] 添加图书成功：lixin (ISBN: 63627336)
[2026-05-14 17:35:36] [INFO] 借阅成功：用户 1 借阅图书 103 (lixin)
[2026-05-14 17:35:50] [INFO] 删除图书成功：lixin (ID: 103)
[2026-05-14 17:36:08] [INFO] 归还成功：借阅记录 28 已归还 ()
[2026-05-14 17:45:42] [INFO] 登录成功：admin
[2026-05-14 17:46:10] [ERROR] 删除图书失败：图书ID 102 存在未归还的借阅记录
[2026-05-14 17:46:33] [INFO] 归还成功：借阅记录 29 已归还 (1)
[2026-05-14 17:46:48] [INFO] 删除图书成功：1 (ID: 102)
[2026-05-14 17:49:20] [INFO] 登录成功：admin
[2026-05-14 17:49:36] [INFO] 添加图书成功：hduydgyd (ISBN: jsiuwsiw)
[2026-05-14 17:49:48] [INFO] 借阅成功：用户 1 借阅图书 102 (hduydgyd)
[2026-05-14 17:49:58] [INFO] 归还成功：借阅记录 27 已归还 (Java编程思想)
[2026-05-14 17:50:45] [ERROR] 删除图书失败：图书ID 102 存在未归还的借阅记录
[2026-05-14 17:51:01] [INFO] 归还成功：借阅记录 30 已归还 (hduydgyd)
[2026-05-14 17:51:14] [INFO] 删除图书成功：hduydgyd (ID: 102)
[2026-05-14 17:52:50] [INFO] 登录成功：admin
[2026-05-14 17:53:07] [INFO] 借阅成功：用户 1 借阅图书 101 (测试图书)
[2026-05-14 17:53:26] [ERROR] 删除图书失败：图书ID 101 存在未归还的借阅记录
